[leesaewa.github.io/theprey/index.html]
[leesaewa.github.io/theprey/css/reset.css]
[leesaewa.github.io/theprey/css/style.css]
[backblue.gif]
[fade.gif]
[index.html]
[leesaewa.github.io/theprey/img/bar_logo.png]
[leesaewa.github.io/theprey/img/cafe.png]
[leesaewa.github.io/theprey/img/hungry.png]
[leesaewa.github.io/theprey/img/visual-logo.png]
[leesaewa.github.io/theprey/img/play.png]
[leesaewa.github.io/theprey/img/google.png]
[leesaewa.github.io/theprey/img/galaxy.png]
[leesaewa.github.io/theprey/img/one.png]
[leesaewa.github.io/theprey/img/appstore.png]
[leesaewa.github.io/theprey/img/res-ttl1.png]
[leesaewa.github.io/theprey/img/info-ttl.png]
[leesaewa.github.io/theprey/img/sc_01.png]
[leesaewa.github.io/theprey/img/sc_02.png]
[leesaewa.github.io/theprey/img/sc_03.png]
[leesaewa.github.io/theprey/img/sc_04.png]
[leesaewa.github.io/theprey/img/arrow1.png]
[leesaewa.github.io/theprey/img/arrow2.png]
[leesaewa.github.io/theprey/img/cha-ttl.png]
[leesaewa.github.io/theprey/img/cha-btn1.jpg]
[leesaewa.github.io/theprey/img/cha-btn2.jpg]
[leesaewa.github.io/theprey/img/cha-btn3.jpg]
[leesaewa.github.io/theprey/img/cha-btn4.jpg]
[leesaewa.github.io/theprey/img/cha-line.png]
[leesaewa.github.io/theprey/img/cha-knight03.png]
[leesaewa.github.io/theprey/img/cha-wizard03.png]
[leesaewa.github.io/theprey/img/cha-archer03.png]
[leesaewa.github.io/theprey/img/cha-witch03.png]
[leesaewa.github.io/theprey/img/event-ttl.png]
[leesaewa.github.io/theprey/img/ev_k.png]
[leesaewa.github.io/theprey/img/ev_f.png]
[leesaewa.github.io/theprey/img/ev_y.png]
[leesaewa.github.io/theprey/img/evt_i1.png]
[leesaewa.github.io/theprey/img/evt_i2.png]
[leesaewa.github.io/theprey/js/main.js]
[leesaewa.github.io/theprey/index.html]
[leesaewa.github.io/theprey/css/reset.css]
[leesaewa.github.io/theprey/img/bg_01.jpg]
[leesaewa.github.io/theprey/img/bg_02.jpg]
[leesaewa.github.io/theprey/img/res-ttl2.png]
[leesaewa.github.io/theprey/img/bg_03.jpg]
[leesaewa.github.io/theprey/img/bg_04.jpg]
[leesaewa.github.io/theprey/img/cha-knight02.png]
[leesaewa.github.io/theprey/img/cha-knight01.png]
[leesaewa.github.io/theprey/img/cha-wizard02.png]
[leesaewa.github.io/theprey/img/cha-wizard01.png]
[leesaewa.github.io/theprey/img/cha-archer02.png]
[leesaewa.github.io/theprey/img/cha-archer01.png]
[leesaewa.github.io/theprey/img/cha-witch02.png]
[leesaewa.github.io/theprey/img/cha-witch01.png]
[leesaewa.github.io/theprey/img/bg_05.jpg]
[leesaewa.github.io/theprey/img/number.jpg]
[leesaewa.github.io/theprey/img/bg_08.png]
[leesaewa.github.io/theprey/img/bg_06.png]
[leesaewa.github.io/theprey/img/bg_07.png]
[leesaewa.github.io/theprey/css/style.css]
